==================================================
 CALSERVICE LATENCY & PERFORMANCE AUDIT REPORT
 Timestamp: 2026-08-16 21:51:44
==================================================

[1. Database Connection Configuration]
  Engine:       django.db.backends.postgresql
  Host:         aws-0-ap-south-1.pooler.supabase.com
  Port:         6543
  CONN_MAX_AGE: 600s

[2. Database Query & Connection Latency Benchmarks]
  Initial DB Query Latency (Connection Setup + Query): 496.68 ms
  Reused DB Connection Latency (Persistent Connection): 57.63 ms
  Batch 10 Queries Total Duration:                     1042.74 ms
  Average Query Latency over Persistent Connection:    104.27 ms

[3. API Endpoint Request Latency & Query Count Analysis]
  GET  /api/auth/me/                  -> Status: 401 | Duration: 1168.97 ms | SQL Queries: 0
  GET  /api/company/list/             -> Status: 404 | Duration:  104.59 ms | SQL Queries: 1
  GET  /api/service-requests/         -> Status: 404 | Duration:   92.24 ms | SQL Queries: 1
  GET  /api/tasks/                    -> Status: 404 | Duration:   91.31 ms | SQL Queries: 1

[4. Diagnostics Summary & Recommendations]
  [WARN] Database is running on non-direct port (6543).
  [PASS] Persistent connection pooling enabled (CONN_MAX_AGE=600s).
  Average Single Query Overhead: 104.27 ms
==================================================

